lora.c:8:6:LoRa_Init	24	static
lora.c:52:6:LoRa_end	8	static
lora.c:58:6:LoRa_beginPacket	16	static
lora.c:84:6:LoRa_endPacket	16	static
lora.c:106:6:LoRa_isTransmitting	8	static
lora.c:122:5:LoRa_parsePacket	24	static
lora.c:171:5:LoRa_packetRssi	8	static
lora.c:176:7:LoRa_packetSnr	8	static
lora.c:181:6:LoRa_packetFrequencyError	32	static
lora.c:200:5:LoRa_rssi	8	static
lora.c:205:5:LoRa_sendPacket	24	static
lora.c:214:6:LoRa_readMessage	24	static
lora.c:221:5:LoRa_receivePacket	24	static
lora.c:250:8:LoRa_write	24	static
lora.c:274:5:LoRa_available	8	static
lora.c:279:5:LoRa_read	8	static
lora.c:291:5:LoRa_peek	16	static
lora.c:310:6:LoRa_flush	4	static
lora.c:312:6:LoRa_receive	16	static
lora.c:329:6:LoRa_idle	8	static
lora.c:334:6:LoRa_sleep	8	static
lora.c:339:6:LoRa_setTxPower	16	static
lora.c:388:6:LoRa_setFrequency	32	static
lora.c:399:5:LoRa_getSpreadingFactor	8	static
lora.c:404:6:LoRa_setSpreadingFactor	16	static
lora.c:430:6:LoRa_getSignalBandwidth	16	static
lora.c:451:6:LoRa_setSignalBandwidth	24	static
lora.c:500:6:LoRa_setLdoFlag	32	static
lora.c:517:6:LoRa_setCodingRate4	24	static
lora.c:533:6:LoRa_setPreambleLength	16	static
lora.c:539:6:LoRa_setSyncWord	16	static
lora.c:544:6:LoRa_enableCrc	8	static
lora.c:549:6:LoRa_disableCrc	8	static
lora.c:554:6:LoRa_enableInvertIQ	8	static
lora.c:560:6:LoRa_disableInvertIQ	8	static
lora.c:566:6:LoRa_setOCP	24	static
lora.c:582:6:LoRa_setGain	16	static
lora.c:612:9:LoRa_random	8	static
lora.c:617:6:LoRa_setPins	8	static
lora.c:628:6:LoRa_explicitHeaderMode	8	static
lora.c:634:6:LoRa_implicitHeaderMode	8	static
lora.c:640:6:LoRa_handleDio0Rise	16	static
lora.c:669:9:LoRa_readRegister	16	static
lora.c:674:6:LoRa_writeRegister	16	static
lora.c:679:9:SPI_Tranfer	24	static
lora.c:687:9:LoRa_singleTransfer	32	static
lora.c:704:6:LoRa_Chip_Select	16	static
lora.c:716:6:LoRa_Chip_Reset	16	static
