main.c:126:6:write	32	static
main.c:133:6:read	32	static
main.c:138:6:max17043_init	8	static
main.c:145:6:pin	8	static
main.c:166:6:adxl_write1	32	static
main.c:173:6:adxl_read1	40	static
main.c:181:6:adxl_init1	8	static
main.c:190:6:kq_adxl1	24	static
main.c:226:6:kq_adxl_timer1	48	static
main.c:271:6:adxl_write	32	static
main.c:278:6:adxl_read	40	static
main.c:286:6:adxl_init	8	static
main.c:295:6:kq_adxl	24	static
main.c:333:6:kq_adxl_timer	48	static
main.c:372:6:LoRa_txMode	8	static
main.c:378:6:LoRa_rxMode	8	static
main.c:384:6:send_id	48	static
main.c:393:9:get_id	48	static
main.c:407:6:clear_buffer	24	static
main.c:416:6:Response_Gateway	272	static
main.c:553:6:KqTocdogio	8	static
main.c:564:6:getField	32	static
main.c:585:6:kqgps	128	static
main.c:663:5:main	96	static
main.c:762:6:SystemClock_Config	88	static
main.c:805:13:MX_ADC1_Init	24	static
main.c:850:13:MX_I2C1_Init	8	static
main.c:884:13:MX_I2C2_Init	8	static
main.c:918:13:MX_SPI1_Init	8	static
main.c:956:13:MX_TIM1_Init	32	static
main.c:1002:13:MX_USART1_UART_Init	8	static
main.c:1035:13:MX_USART2_UART_Init	8	static
main.c:1068:13:MX_GPIO_Init	40	static
main.c:1133:6:HAL_GPIO_EXTI_Callback	16	static
main.c:1142:6:HAL_ADC_ConvCpltCallback	24	static
main.c:1166:6:Counter	4	static
main.c:1171:6:Wind	16	static
main.c:1182:6:HAL_TIM_PeriodElapsedCallback	16	static
main.c:1265:6:Error_Handler	4	static,ignoring_inline_asm
